// Jest Snapshot v1, https://goo.gl/fbAQLP

exports[`images with advanced options resizedImageUrl 1`] = `
"<!DOCTYPE html>
<html>
  <body>
    <img
      data-pristine=\\"test.png\\"
      sizes=\\"100vw\\"
      srcset=\\"test.png?w=320 320w, test.png?w=420 420w\\"
      src=\\"test.png?w=420\\"
      width=\\"420\\"
    />
  </body>
</html>
"
`;

exports[`images with advanced options runAfter 1`] = `
"<!DOCTYPE html>
<html>
  <body>
    <img
      data-after=\\"hello!\\"
      data-pristine=\\"test.png\\"
      sizes=\\"100vw\\"
      srcset=\\"
        test-320.png   320w,
        test-560.png   560w,
        test-800.png   800w,
        test-1040.png 1040w,
        test-1280.png 1280w
      \\"
      src=\\"test-640.png\\"
    />
  </body>
</html>
"
`;

exports[`images with advanced options runBefore 1`] = `
"<!DOCTYPE html>
<html>
  <body>
    <img
      data-pristine=\\"another-test.png\\"
      sizes=\\"100vw\\"
      srcset=\\"
        another-test-320.png   320w,
        another-test-560.png   560w,
        another-test-800.png   800w,
        another-test-1040.png 1040w,
        another-test-1280.png 1280w
      \\"
      src=\\"another-test-640.png\\"
    />
  </body>
</html>
"
`;

exports[`images with advanced options selector 1`] = `
"<!DOCTYPE html>
<html>
  <body>
    <img
      data-pristine=\\"test1.png\\"
      sizes=\\"100vw\\"
      srcset=\\"
        test1-320.png   320w,
        test1-560.png   560w,
        test1-800.png   800w,
        test1-1040.png 1040w,
        test1-1280.png 1280w
      \\"
      src=\\"test1-480.png\\"
    /><img src=\\"test2.png\\" class=\\"notransform\\" />
  </body>
</html>
"
`;

exports[`images with advanced options selector in wrong place don't break it 1`] = `
"<!DOCTYPE html>
<html>
  <body>
    <img
      data-pristine=\\"test1.png\\"
      sizes=\\"100vw\\"
      srcset=\\"
        test1-320.png   320w,
        test1-560.png   560w,
        test1-800.png   800w,
        test1-1040.png 1040w,
        test1-1280.png 1280w
      \\"
      src=\\"test1-640.png\\"
      class=\\"yes transformed\\"
    /><img
      data-pristine=\\"test2.png\\"
      sizes=\\"100vw\\"
      srcset=\\"
        test2-320.png   320w,
        test2-560.png   560w,
        test2-800.png   800w,
        test2-1040.png 1040w,
        test2-1280.png 1280w
      \\"
      src=\\"test2-640.png\\"
      class=\\"no transformed\\"
    />
  </body>
</html>
"
`;
